Archive member included to satisfy reference by file (symbol)

/root/Qualcomm/Hexagon_SDK/3.5.2/libs/common/rpcmem/android_Release_aarch64/ship/rpcmem.a(rpcmem_android.o)
                              android_Release_aarch64/imgpipe_utils.o (rpcmem_deinit)

Discarded input sections

 .note.GNU-stack
                0x0000000000000000        0x0 android_Release_aarch64/imgpipe_utils.o
 .note.GNU-stack
                0x0000000000000000        0x0 /root/Qualcomm/Hexagon_SDK/3.5.2/libs/common/rpcmem/android_Release_aarch64/ship/rpcmem.a(rpcmem_android.o)

Memory Configuration

Name             Origin             Length             Attributes
*default*        0x0000000000000000 0xffffffffffffffff

Linker script and memory map

LOAD /root/Qualcomm/Hexagon_SDK/3.5.2/tools/android-ndk-r19c/platforms/android-26/arch-arm64/usr/lib/liblog.so
LOAD /root/Qualcomm/Hexagon_SDK/3.5.2/tools/android-ndk-r19c/platforms/android-26/arch-arm64/usr/lib/libdl.so
START GROUP
LOAD android_Release_aarch64/imgpipe_utils.o
LOAD /root/Qualcomm/Hexagon_SDK/3.5.2/libs/common/remote/ship/android_Release_aarch64//libcdsprpc.so
LOAD /root/Qualcomm/Hexagon_SDK/3.5.2/libs/common/rpcmem/android_Release_aarch64/ship/rpcmem.a
END GROUP
LOAD /root/Qualcomm/Hexagon_SDK/3.5.2/tools/android-ndk-r19c/platforms/android-26/arch-arm64/usr/lib/libm.so
LOAD /root/Qualcomm/Hexagon_SDK/3.5.2/tools/android-ndk-r19c/platforms/android-26/arch-arm64/usr/lib/libc.so
LOAD /root/Qualcomm/Hexagon_SDK/3.5.2/tools/android-ndk-r19c/platforms/android-26/arch-arm64/usr/lib/libdl.so
LOAD /root/Qualcomm/Hexagon_SDK/3.5.2/tools/android-ndk-r19c/toolchains/llvm/prebuilt/linux-x86_64/bin/../lib/gcc/aarch64-linux-android/4.9.x/libgcc.a
LOAD /root/Qualcomm/Hexagon_SDK/3.5.2/tools/android-ndk-r19c/platforms/android-26/arch-arm64/usr/lib/libcompiler_rt-extras.a
LOAD /root/Qualcomm/Hexagon_SDK/3.5.2/tools/android-ndk-r19c/toolchains/llvm/prebuilt/linux-x86_64/bin/../lib/gcc/aarch64-linux-android/4.9.x/libgcc_real.a
                0x0000000000000158                . = (0x0 + SIZEOF_HEADERS)

.note.gnu.build-id
 *(.note.gnu.build-id)

.hash           0x0000000000000158      0x158
 *(.hash)
 .hash          0x0000000000000158      0x158 /root/Qualcomm/Hexagon_SDK/3.5.2/tools/android-ndk-r19c/platforms/android-26/arch-arm64/usr/lib/liblog.so

.gnu.hash
 *(.gnu.hash)

.dynsym         0x00000000000002b0      0x468
 *(.dynsym)
 .dynsym        0x00000000000002b0      0x468 /root/Qualcomm/Hexagon_SDK/3.5.2/tools/android-ndk-r19c/platforms/android-26/arch-arm64/usr/lib/liblog.so

.dynstr         0x0000000000000718      0x242
 *(.dynstr)
 .dynstr        0x0000000000000718      0x242 /root/Qualcomm/Hexagon_SDK/3.5.2/tools/android-ndk-r19c/platforms/android-26/arch-arm64/usr/lib/liblog.so

.gnu.version    0x000000000000095a       0x5e
 *(.gnu.version)
 .gnu.version   0x000000000000095a       0x5e /root/Qualcomm/Hexagon_SDK/3.5.2/tools/android-ndk-r19c/platforms/android-26/arch-arm64/usr/lib/liblog.so

.gnu.version_d  0x00000000000009b8        0x0
 *(.gnu.version_d)
 .gnu.version_d
                0x00000000000009b8        0x0 /root/Qualcomm/Hexagon_SDK/3.5.2/tools/android-ndk-r19c/platforms/android-26/arch-arm64/usr/lib/liblog.so

.gnu.version_r  0x00000000000009b8       0x40
 *(.gnu.version_r)
 .gnu.version_r
                0x00000000000009b8       0x40 /root/Qualcomm/Hexagon_SDK/3.5.2/tools/android-ndk-r19c/platforms/android-26/arch-arm64/usr/lib/liblog.so

.rela.dyn       0x00000000000009f8       0x78
 *(.rela.init)
 *(.rela.text .rela.text.* .rela.gnu.linkonce.t.*)
 *(.rela.fini)
 *(.rela.rodata .rela.rodata.* .rela.gnu.linkonce.r.*)
 *(.rela.data .rela.data.* .rela.gnu.linkonce.d.*)
 *(.rela.tdata .rela.tdata.* .rela.gnu.linkonce.td.*)
 *(.rela.tbss .rela.tbss.* .rela.gnu.linkonce.tb.*)
 *(.rela.ctors)
 *(.rela.dtors)
 *(.rela.got)
 .rela.got      0x00000000000009f8       0x78 /root/Qualcomm/Hexagon_SDK/3.5.2/tools/android-ndk-r19c/platforms/android-26/arch-arm64/usr/lib/liblog.so
 *(.rela.bss .rela.bss.* .rela.gnu.linkonce.b.*)
 *(.rela.ifunc)
 .rela.ifunc    0x0000000000000a70        0x0 /root/Qualcomm/Hexagon_SDK/3.5.2/tools/android-ndk-r19c/platforms/android-26/arch-arm64/usr/lib/liblog.so

.rela.plt       0x0000000000000a70      0x2a0
 *(.rela.plt)
 .rela.plt      0x0000000000000a70      0x2a0 /root/Qualcomm/Hexagon_SDK/3.5.2/tools/android-ndk-r19c/platforms/android-26/arch-arm64/usr/lib/liblog.so
 *(.rela.iplt)

.init
 *(SORT(.init))

.plt            0x0000000000000d10      0x1e0
 *(.plt)
 .plt           0x0000000000000d10      0x1e0 /root/Qualcomm/Hexagon_SDK/3.5.2/tools/android-ndk-r19c/platforms/android-26/arch-arm64/usr/lib/liblog.so
 *(.iplt)

.text           0x0000000000000ef0     0x16a4
 *(.text.unlikely .text.*_unlikely .text.unlikely.*)
 *(.text.exit .text.exit.*)
 *(.text.startup .text.startup.*)
 *(.text.hot .text.hot.*)
 *(.text .stub .text.* .gnu.linkonce.t.*)
 .text          0x0000000000000ef0      0x634 android_Release_aarch64/imgpipe_utils.o
                0x0000000000000ef0                local_imgpipe_cpy
                0x0000000000000f78                imgpipe_test
                0x00000000000013e8                do_cdsp_imgpipe_cpy
 .text          0x0000000000001524     0x1070 /root/Qualcomm/Hexagon_SDK/3.5.2/libs/common/rpcmem/android_Release_aarch64/ship/rpcmem.a(rpcmem_android.o)
                0x0000000000001524                rpcmem_init
                0x0000000000001624                rpcmem_deinit
                0x0000000000001660                rpcmem_alloc_internal
                0x0000000000002248                rpcmem_alloc
                0x000000000000224c                rpcmem_free_internal
                0x0000000000002470                rpcmem_free
                0x0000000000002474                rpcmem_to_fd_internal
                0x0000000000002504                rpcmem_to_fd
 *(.gnu.warning)

.fini
 *(SORT(.fini))
                [!provide]                        PROVIDE (__etext, .)
                [!provide]                        PROVIDE (_etext, .)
                [!provide]                        PROVIDE (etext, .)

.rodata         0x00000000000025a0     0x1e1a
 *(.rodata .rodata.* .gnu.linkonce.r.*)
 .rodata.cst16  0x00000000000025a0       0x40 android_Release_aarch64/imgpipe_utils.o
 .rodata.str1.1
                0x00000000000025e0      0x103 android_Release_aarch64/imgpipe_utils.o
 *fill*         0x00000000000026e3        0xd 
 .rodata.str1.16
                0x00000000000026f0      0x180 android_Release_aarch64/imgpipe_utils.o
                                        0x173 (size before relaxing)
 .rodata.str1.1
                0x0000000000002870     0x1b4a /root/Qualcomm/Hexagon_SDK/3.5.2/libs/common/rpcmem/android_Release_aarch64/ship/rpcmem.a(rpcmem_android.o)

.rodata1
 *(.rodata1)

.eh_frame_hdr
 *(.eh_frame_hdr)
 *(.eh_frame_entry .eh_frame_entry.*)

.eh_frame
 *(.eh_frame)
 *(.eh_frame.*)

.gcc_except_table
 *(.gcc_except_table .gcc_except_table.*)

.gnu_extab
 *(.gnu_extab*)

.exception_ranges
 *(.exception_ranges .exception_ranges*)
                0x0000000000014e08                . = DATA_SEGMENT_ALIGN (0x10000, 0x1000)

.eh_frame
 *(.eh_frame)
 *(.eh_frame.*)

.gnu_extab
 *(.gnu_extab)

.gcc_except_table
 *(.gcc_except_table .gcc_except_table.*)

.exception_ranges
 *(.exception_ranges .exception_ranges*)

.tdata
 *(.tdata .tdata.* .gnu.linkonce.td.*)

.tbss
 *(.tbss .tbss.* .gnu.linkonce.tb.*)
 *(.tcommon)

.preinit_array
 *(.preinit_array)

.init_array
 *(SORT(.init_array.*) SORT(.ctors.*))
 *(.init_array EXCLUDE_FILE(*crtend?.o *crtend.o *crtbegin?.o *crtbegin.o) .ctors)

.fini_array
 *(SORT(.fini_array.*) SORT(.dtors.*))
 *(.fini_array EXCLUDE_FILE(*crtend?.o *crtend.o *crtbegin?.o *crtbegin.o) .dtors)

.ctors
 *crtbegin.o(.ctors)
 *crtbegin?.o(.ctors)
 *(EXCLUDE_FILE(*crtend?.o *crtend.o) .ctors)
 *(SORT(.ctors.*))
 *(.ctors)

.dtors
 *crtbegin.o(.dtors)
 *crtbegin?.o(.dtors)
 *(EXCLUDE_FILE(*crtend?.o *crtend.o) .dtors)
 *(SORT(.dtors.*))
 *(.dtors)

.jcr
 *(.jcr)

.data.rel.ro
 *(.data.rel.ro.local* .gnu.linkonce.d.rel.ro.local.*)
 *(.data.rel.ro .data.rel.ro.* .gnu.linkonce.d.rel.ro.*)

.dynamic        0x0000000000014e08      0x1b0
 *(.dynamic)
 .dynamic       0x0000000000014e08      0x1b0 /root/Qualcomm/Hexagon_SDK/3.5.2/tools/android-ndk-r19c/platforms/android-26/arch-arm64/usr/lib/liblog.so
                0x0000000000014e08                _DYNAMIC

.got            0x0000000000014fb8       0x30
 *(.got)
 .got           0x0000000000014fb8       0x30 /root/Qualcomm/Hexagon_SDK/3.5.2/tools/android-ndk-r19c/platforms/android-26/arch-arm64/usr/lib/liblog.so
                0x0000000000014fb8                _GLOBAL_OFFSET_TABLE_
 *(.igot)
                0x0000000000014fe8                . = DATA_SEGMENT_RELRO_END (., 0x18)

.got.plt        0x0000000000014fe8       0xf8
 *(.got.plt)
 .got.plt       0x0000000000014fe8       0xf8 /root/Qualcomm/Hexagon_SDK/3.5.2/tools/android-ndk-r19c/platforms/android-26/arch-arm64/usr/lib/liblog.so
 *(.igot.plt)

.data           0x00000000000150e0        0x0
                [!provide]                        PROVIDE (__data_start, .)
 *(.data .data.* .gnu.linkonce.d.*)

.data1
 *(.data1)
                0x00000000000150e0                _edata = .
                [!provide]                        PROVIDE (edata, .)
                0x00000000000150e0                __bss_start = .
                0x00000000000150e0                __bss_start__ = .

.bss            0x00000000000150e0       0x60
 *(.dynbss)
 .dynbss        0x00000000000150e0        0x0 /root/Qualcomm/Hexagon_SDK/3.5.2/tools/android-ndk-r19c/platforms/android-26/arch-arm64/usr/lib/liblog.so
 *(.bss .bss.* .gnu.linkonce.b.*)
 .bss           0x00000000000150e0        0x4 android_Release_aarch64/imgpipe_utils.o
                0x00000000000150e0                nErr
 *fill*         0x00000000000150e4        0xc 
 .bss           0x00000000000150f0       0x50 /root/Qualcomm/Hexagon_SDK/3.5.2/libs/common/rpcmem/android_Release_aarch64/ship/rpcmem.a(rpcmem_android.o)
 *(COMMON)
                0x0000000000015140                . = ALIGN ((. != 0x0)?0x8:0x1)
                0x0000000000015140                _bss_end__ = .
                0x0000000000015140                __bss_end__ = .
                0x0000000000015140                . = ALIGN (0x8)
                0x0000000000015140                . = SEGMENT_START ("ldata-segment", .)
                0x0000000000015140                . = ALIGN (0x8)
                0x0000000000015140                __end__ = .
                0x0000000000015140                _end = .
                [!provide]                        PROVIDE (end, .)
                0x0000000000015140                . = DATA_SEGMENT_END (.)

.stab
 *(.stab)

.stabstr
 *(.stabstr)

.stab.excl
 *(.stab.excl)

.stab.exclstr
 *(.stab.exclstr)

.stab.index
 *(.stab.index)

.stab.indexstr
 *(.stab.indexstr)

.comment        0x0000000000000000      0x107
 *(.comment)
 .comment       0x0000000000000000      0x107 android_Release_aarch64/imgpipe_utils.o
                                        0x108 (size before relaxing)
 .comment       0x0000000000000107      0x108 /root/Qualcomm/Hexagon_SDK/3.5.2/libs/common/rpcmem/android_Release_aarch64/ship/rpcmem.a(rpcmem_android.o)

.debug
 *(.debug)

.line
 *(.line)

.debug_srcinfo
 *(.debug_srcinfo)

.debug_sfnames
 *(.debug_sfnames)

.debug_aranges
 *(.debug_aranges)

.debug_pubnames
 *(.debug_pubnames)

.debug_info
 *(.debug_info .gnu.linkonce.wi.*)

.debug_abbrev
 *(.debug_abbrev)

.debug_line
 *(.debug_line .debug_line.* .debug_line_end)

.debug_frame
 *(.debug_frame)

.debug_str
 *(.debug_str)

.debug_loc
 *(.debug_loc)

.debug_macinfo
 *(.debug_macinfo)

.debug_weaknames
 *(.debug_weaknames)

.debug_funcnames
 *(.debug_funcnames)

.debug_typenames
 *(.debug_typenames)

.debug_varnames
 *(.debug_varnames)

.debug_pubtypes
 *(.debug_pubtypes)

.debug_ranges
 *(.debug_ranges)

.debug_macro
 *(.debug_macro)

.debug_addr
 *(.debug_addr)

.ARM.attributes
 *(.ARM.attributes)
 *(.gnu.attributes)

.note.gnu.arm.ident
 *(.note.gnu.arm.ident)

/DISCARD/
 *(.note.GNU-stack)
 *(.gnu_debuglink)
 *(.gnu.lto_*)
OUTPUT(android_Release_aarch64/libimgpipe_utils.so elf64-littleaarch64)
