
Discarded input sections

 .note.GNU-stack
                0x0000000000000000        0x0 android_Release_aarch64/imgpipe_stub.o

Memory Configuration

Name             Origin             Length             Attributes
*default*        0x0000000000000000 0xffffffffffffffff

Linker script and memory map

START GROUP
LOAD android_Release_aarch64/imgpipe_stub.o
LOAD /root/Qualcomm/Hexagon_SDK/3.5.2/libs/common/remote/ship/android_Release_aarch64//libcdsprpc.so
END GROUP
LOAD /root/Qualcomm/Hexagon_SDK/3.5.2/tools/android-ndk-r19c/platforms/android-26/arch-arm64/usr/lib/libm.so
LOAD /root/Qualcomm/Hexagon_SDK/3.5.2/tools/android-ndk-r19c/platforms/android-26/arch-arm64/usr/lib/libc.so
LOAD /root/Qualcomm/Hexagon_SDK/3.5.2/tools/android-ndk-r19c/platforms/android-26/arch-arm64/usr/lib/libdl.so
LOAD /root/Qualcomm/Hexagon_SDK/3.5.2/tools/android-ndk-r19c/toolchains/llvm/prebuilt/linux-x86_64/bin/../lib/gcc/aarch64-linux-android/4.9.x/libgcc.a
LOAD /root/Qualcomm/Hexagon_SDK/3.5.2/tools/android-ndk-r19c/platforms/android-26/arch-arm64/usr/lib/libcompiler_rt-extras.a
LOAD /root/Qualcomm/Hexagon_SDK/3.5.2/tools/android-ndk-r19c/toolchains/llvm/prebuilt/linux-x86_64/bin/../lib/gcc/aarch64-linux-android/4.9.x/libgcc_real.a
                0x0000000000000158                . = (0x0 + SIZEOF_HEADERS)

.note.gnu.build-id
 *(.note.gnu.build-id)

.hash           0x0000000000000158       0x5c
 *(.hash)
 .hash          0x0000000000000158       0x5c android_Release_aarch64/imgpipe_stub.o

.gnu.hash
 *(.gnu.hash)

.dynsym         0x00000000000001b8      0x1b0
 *(.dynsym)
 .dynsym        0x00000000000001b8      0x1b0 android_Release_aarch64/imgpipe_stub.o

.dynstr         0x0000000000000368      0x111
 *(.dynstr)
 .dynstr        0x0000000000000368      0x111 android_Release_aarch64/imgpipe_stub.o

.gnu.version    0x000000000000047a        0x0
 *(.gnu.version)
 .gnu.version   0x000000000000047a        0x0 android_Release_aarch64/imgpipe_stub.o

.gnu.version_d  0x0000000000000480        0x0
 *(.gnu.version_d)
 .gnu.version_d
                0x0000000000000480        0x0 android_Release_aarch64/imgpipe_stub.o

.gnu.version_r  0x0000000000000480        0x0
 *(.gnu.version_r)
 .gnu.version_r
                0x0000000000000480        0x0 android_Release_aarch64/imgpipe_stub.o

.rela.dyn       0x0000000000000480       0xd8
 *(.rela.init)
 *(.rela.text .rela.text.* .rela.gnu.linkonce.t.*)
 *(.rela.fini)
 *(.rela.rodata .rela.rodata.* .rela.gnu.linkonce.r.*)
 *(.rela.data .rela.data.* .rela.gnu.linkonce.d.*)
 .rela.data.rel.ro
                0x0000000000000480       0xd8 android_Release_aarch64/imgpipe_stub.o
 *(.rela.tdata .rela.tdata.* .rela.gnu.linkonce.td.*)
 *(.rela.tbss .rela.tbss.* .rela.gnu.linkonce.tb.*)
 *(.rela.ctors)
 *(.rela.dtors)
 *(.rela.got)
 .rela.got      0x0000000000000558        0x0 android_Release_aarch64/imgpipe_stub.o
 *(.rela.bss .rela.bss.* .rela.gnu.linkonce.b.*)
 *(.rela.ifunc)
 .rela.ifunc    0x0000000000000558        0x0 android_Release_aarch64/imgpipe_stub.o

.rela.plt       0x0000000000000558       0x48
 *(.rela.plt)
 .rela.plt      0x0000000000000558       0x48 android_Release_aarch64/imgpipe_stub.o
 *(.rela.iplt)

.init
 *(SORT(.init))

.plt            0x00000000000005a0       0x50
 *(.plt)
 .plt           0x00000000000005a0       0x50 android_Release_aarch64/imgpipe_stub.o
 *(.iplt)

.text           0x00000000000005f0      0x2a0
 *(.text.unlikely .text.*_unlikely .text.unlikely.*)
 *(.text.exit .text.exit.*)
 *(.text.startup .text.startup.*)
 *(.text.hot .text.hot.*)
 *(.text .stub .text.* .gnu.linkonce.t.*)
 .text          0x00000000000005f0      0x2a0 android_Release_aarch64/imgpipe_stub.o
                0x00000000000005f0                _imgpipe_atomic_CompareAndExchange
                0x0000000000000624                _imgpipe_handle
                0x00000000000006c8                imgpipe_skel_invoke
                0x0000000000000788                imgpipe_imageCPY
 *(.gnu.warning)

.fini
 *(SORT(.fini))
                [!provide]                        PROVIDE (__etext, .)
                [!provide]                        PROVIDE (_etext, .)
                [!provide]                        PROVIDE (etext, .)

.rodata         0x0000000000000890       0x58
 *(.rodata .rodata.* .gnu.linkonce.r.*)
 .rodata        0x0000000000000890       0x50 android_Release_aarch64/imgpipe_stub.o
 .rodata.str1.1
                0x00000000000008e0        0x8 android_Release_aarch64/imgpipe_stub.o

.rodata1
 *(.rodata1)

.eh_frame_hdr
 *(.eh_frame_hdr)
 *(.eh_frame_entry .eh_frame_entry.*)

.eh_frame
 *(.eh_frame)
 *(.eh_frame.*)

.gcc_except_table
 *(.gcc_except_table .gcc_except_table.*)

.gnu_extab
 *(.gnu_extab*)

.exception_ranges
 *(.exception_ranges .exception_ranges*)
                0x0000000000010dd8                . = DATA_SEGMENT_ALIGN (0x10000, 0x1000)

.eh_frame
 *(.eh_frame)
 *(.eh_frame.*)

.gnu_extab
 *(.gnu_extab)

.gcc_except_table
 *(.gcc_except_table .gcc_except_table.*)

.exception_ranges
 *(.exception_ranges .exception_ranges*)

.tdata
 *(.tdata .tdata.* .gnu.linkonce.td.*)

.tbss
 *(.tbss .tbss.* .gnu.linkonce.tb.*)
 *(.tcommon)

.preinit_array
 *(.preinit_array)

.init_array
 *(SORT(.init_array.*) SORT(.ctors.*))
 *(.init_array EXCLUDE_FILE(*crtend?.o *crtend.o *crtbegin?.o *crtbegin.o) .ctors)

.fini_array
 *(SORT(.fini_array.*) SORT(.dtors.*))
 *(.fini_array EXCLUDE_FILE(*crtend?.o *crtend.o *crtbegin?.o *crtbegin.o) .dtors)

.ctors
 *crtbegin.o(.ctors)
 *crtbegin?.o(.ctors)
 *(EXCLUDE_FILE(*crtend?.o *crtend.o) .ctors)
 *(SORT(.ctors.*))
 *(.ctors)

.dtors
 *crtbegin.o(.dtors)
 *crtbegin?.o(.dtors)
 *(EXCLUDE_FILE(*crtend?.o *crtend.o) .dtors)
 *(SORT(.dtors.*))
 *(.dtors)

.jcr
 *(.jcr)

.data.rel.ro    0x0000000000010dd8       0x98
 *(.data.rel.ro.local* .gnu.linkonce.d.rel.ro.local.*)
 *(.data.rel.ro .data.rel.ro.* .gnu.linkonce.d.rel.ro.*)
 .data.rel.ro   0x0000000000010dd8       0x98 android_Release_aarch64/imgpipe_stub.o
                0x0000000000010de0                imgpipe_slim

.dynamic        0x0000000000010e70      0x170
 *(.dynamic)
 .dynamic       0x0000000000010e70      0x170 android_Release_aarch64/imgpipe_stub.o
                0x0000000000010e70                _DYNAMIC

.got            0x0000000000010fe0        0x8
 *(.got)
 .got           0x0000000000010fe0        0x8 android_Release_aarch64/imgpipe_stub.o
                0x0000000000010fe0                _GLOBAL_OFFSET_TABLE_
 *(.igot)
                0x0000000000010fe8                . = DATA_SEGMENT_RELRO_END (., 0x18)

.got.plt        0x0000000000010fe8       0x30
 *(.got.plt)
 .got.plt       0x0000000000010fe8       0x30 android_Release_aarch64/imgpipe_stub.o
 *(.igot.plt)

.data           0x0000000000011018        0x4
                [!provide]                        PROVIDE (__data_start, .)
 *(.data .data.* .gnu.linkonce.d.*)
 .data          0x0000000000011018        0x4 android_Release_aarch64/imgpipe_stub.o

.data1
 *(.data1)
                0x000000000001101c                _edata = .
                [!provide]                        PROVIDE (edata, .)
                0x000000000001101c                __bss_start = .
                0x000000000001101c                __bss_start__ = .

.bss            0x000000000001101c        0x0
 *(.dynbss)
 .dynbss        0x000000000001101c        0x0 android_Release_aarch64/imgpipe_stub.o
 *(.bss .bss.* .gnu.linkonce.b.*)
 *(COMMON)
                0x000000000001101c                . = ALIGN ((. != 0x0)?0x8:0x1)
                0x000000000001101c                _bss_end__ = .
                0x000000000001101c                __bss_end__ = .
                0x0000000000011020                . = ALIGN (0x8)
                0x0000000000011020                . = SEGMENT_START ("ldata-segment", .)
                0x0000000000011020                . = ALIGN (0x8)
                0x0000000000011020                __end__ = .
                0x0000000000011020                _end = .
                [!provide]                        PROVIDE (end, .)
                0x0000000000011020                . = DATA_SEGMENT_END (.)

.stab
 *(.stab)

.stabstr
 *(.stabstr)

.stab.excl
 *(.stab.excl)

.stab.exclstr
 *(.stab.exclstr)

.stab.index
 *(.stab.index)

.stab.indexstr
 *(.stab.indexstr)

.comment        0x0000000000000000      0x107
 *(.comment)
 .comment       0x0000000000000000      0x107 android_Release_aarch64/imgpipe_stub.o
                                        0x108 (size before relaxing)

.debug
 *(.debug)

.line
 *(.line)

.debug_srcinfo
 *(.debug_srcinfo)

.debug_sfnames
 *(.debug_sfnames)

.debug_aranges
 *(.debug_aranges)

.debug_pubnames
 *(.debug_pubnames)

.debug_info
 *(.debug_info .gnu.linkonce.wi.*)

.debug_abbrev
 *(.debug_abbrev)

.debug_line
 *(.debug_line .debug_line.* .debug_line_end)

.debug_frame
 *(.debug_frame)

.debug_str
 *(.debug_str)

.debug_loc
 *(.debug_loc)

.debug_macinfo
 *(.debug_macinfo)

.debug_weaknames
 *(.debug_weaknames)

.debug_funcnames
 *(.debug_funcnames)

.debug_typenames
 *(.debug_typenames)

.debug_varnames
 *(.debug_varnames)

.debug_pubtypes
 *(.debug_pubtypes)

.debug_ranges
 *(.debug_ranges)

.debug_macro
 *(.debug_macro)

.debug_addr
 *(.debug_addr)

.ARM.attributes
 *(.ARM.attributes)
 *(.gnu.attributes)

.note.gnu.arm.ident
 *(.note.gnu.arm.ident)

/DISCARD/
 *(.note.GNU-stack)
 *(.gnu_debuglink)
 *(.gnu.lto_*)
OUTPUT(android_Release_aarch64/libimgpipe.so elf64-littleaarch64)
